// Jest Snapshot v1, https://goo.gl/fbAQLP

exports[`renders form 1`] = `
<div
  className="container appliance"
>
  <div
    className="row"
  >
    <div
      className="col-12 col-md-6"
    >
      <div
        className="appliance-img-container m-t-2rem"
      >
        <img
          alt="name"
          className="appliance-img"
          src="image"
        />
      </div>
      <div
        className="flex m-t-2rem"
      >
        <form
          className="row"
          onSubmit={[Function]}
        >
          <div
            className="col-12 m-1rem"
          >
            <h4
              className="current-state"
            >
              Current state: 
              <span
                className="green"
              >
                applState
              </span>
            </h4>
            <label
              className="form-label"
              htmlFor="inputState"
            >
              <h4>
                Add task
              </h4>
            </label>
            <select
              className="form-select"
              id="inputState"
              onChange={[Function]}
              value="default"
            >
              <option
                value="default"
              >
                Choose...
              </option>
              <option
                value="0"
              >
                t
              </option>
              <option
                value="1"
              >
                a
              </option>
              <option
                value="2"
              >
                s
              </option>
              <option
                value="3"
              >
                k
              </option>
              <option
                value="4"
              >
                s
              </option>
            </select>
          </div>
          <div
            className="col-12 m-1rem"
          >
            <button
              className="btn btn-primary"
              type="submit"
            >
              Start
            </button>
          </div>
        </form>
      </div>
    </div>
    <div
      className="col-12 col-md-6 m-t-1rem"
    >
      <h2
        className="title"
      >
        name
      </h2>
      <div
        className="flex al-i-base f-s-1-2rem"
      >
        <p
          className="text m-1rem"
        >
          <b>
            description: 
          </b>
          usersDescription
        </p>
        <button
          aria-controls="changeDescription"
          aria-expanded="false"
          className="btn btn-outline-secondary m-1rem f-s-1-2rem"
          data-bs-target="#changeDescription"
          data-bs-toggle="collapse"
          type="button"
        >
          Change my description
        </button>
      </div>
      <div
        className="collapse m-lr-1rem"
        id="changeDescription"
      >
        <div
          className="flex"
        >
          <form
            className="row"
            onSubmit={[Function]}
          >
            <div
              className="col-auto"
            >
              <label
                className="visually-hidden"
                htmlFor="inputDescription"
              >
                New description
              </label>
              <input
                className="form-control"
                id="inputDescription"
                onChange={[Function]}
                placeholder="new description"
              />
            </div>
            <div
              className="col-auto"
            >
              <button
                className="btn btn-primary mb-3"
                type="submit"
              >
                Without description
              </button>
            </div>
          </form>
        </div>
      </div>
      <div
        className="m-t-1rem"
      >
        <div>
          <h4>
            0
          </h4>
          <ul>
            <li>
              <b>
                0
              </b>
               
              i
            </li>
          </ul>
        </div>
        <div>
          <h4>
            1
          </h4>
          <ul>
            <li>
              <b>
                0
              </b>
               
              n
            </li>
          </ul>
        </div>
        <div>
          <h4>
            2
          </h4>
          <ul>
            <li>
              <b>
                0
              </b>
               
              f
            </li>
          </ul>
        </div>
        <div>
          <h4>
            3
          </h4>
          <ul>
            <li>
              <b>
                0
              </b>
               
              o
            </li>
          </ul>
        </div>
      </div>
      <button
        className="btn btn-danger"
        onClick={[Function]}
        type="button"
      >
        Delete appliance
      </button>
    </div>
  </div>
</div>
`;
